[INFO] Scanning for projects...
[INFO] 
[INFO] Using the MultiThreadedBuilder implementation with a thread count of 4
[INFO] 
[INFO] ------------------< iuh.fit.se.group13:Victory-HoTel >------------------
[INFO] Building Victorya Hotel Management System 1.0
[INFO]   from pom.xml
[INFO] --------------------------------[ jar ]---------------------------------
[WARNING] 6 problems were encountered while building the effective model for org.openjfx:javafx-controls:jar:17.0.9 during dependency collection step for project (use -X to see details)
[INFO] 
[INFO] --- resources:3.3.1:resources (default-resources) @ Victory-HoTel ---
[INFO] Copying 39 resources from src\main\resources to target\classes
[INFO] 
[INFO] --- compiler:3.12.1:compile (default-compile) @ Victory-HoTel ---
[INFO] Nothing to compile - all classes are up to date.
[INFO] 
[INFO] --- resources:3.3.1:testResources (default-testResources) @ Victory-HoTel ---
[INFO] skip non existing resourceDirectory D:\Victorya_Hotel\he-thong-quan-ly-khach-san-victorya\src\test\resources
[INFO] 
[INFO] --- compiler:3.12.1:testCompile (default-testCompile) @ Victory-HoTel ---
[INFO] Nothing to compile - all classes are up to date.
[INFO] 
[INFO] --- surefire:3.2.5:test (default-test) @ Victory-HoTel ---
[INFO] Using auto detected provider org.apache.maven.surefire.junitplatform.JUnitPlatformProvider
[INFO] 
[INFO] -------------------------------------------------------
[INFO]  T E S T S
[INFO] -------------------------------------------------------
[INFO] Running controller.DichVu_Controller_Test
mvn : Java HotSpot(TM) 64-Bit Server VM warning: Sharing is only supported for boot loader classes because bootstrap classpath has been appended
At line:1 char:61
+ ... rya_Hotel\he-thong-quan-ly-khach-san-victorya"; mvn test 2>&1 | Out-F ...
+                                                     ~~~~~~~~~~~~~
    + CategoryInfo          : NotSpecified: (Java HotSpot(TM...s been appended:String) [], RemoteException
    + FullyQualifiedErrorId : NativeCommandError
 
WARNING: A Java agent has been loaded dynamically (C:\Users\Admin\.m2\repository\net\bytebuddy\byte-buddy-agent\1.14.10\byte-buddy-agent-1.14.10.jar)
WARNING: If a serviceability tool is in use, please run with -XX:+EnableDynamicAgentLoading to hide this warning
WARNING: If a serviceability tool is not in use, please run with -Djdk.instrument.traceUsage for more information
WARNING: Dynamic loading of agents will be disallowed by default in a future release
✓ Test validate tên rỗng: PASSED
✓ Test validate giá âm: PASSED
✓ Test mock getDsDichVu: PASSED
✓ Test mock themDichVu: PASSED
✓ Test mock capNhatDichVu: PASSED
[INFO] Tests run: 5, Failures: 0, Errors: 0, Skipped: 0, Time elapsed: 0.969 s -- in controller.DichVu_Controller_Test
[INFO] Running controller.KhachHang_Controller_Test
✓ Test mock DAO: Cần cập nhật Controller để support DI
✓ Test validate: PASSED
[INFO] Tests run: 2, Failures: 0, Errors: 0, Skipped: 0, Time elapsed: 0.063 s -- in controller.KhachHang_Controller_Test
[INFO] Running controller.NhanVien_Controller_Test
✓ Test validate CCCD: PASSED
✓ Test validate email: PASSED
✓ Test validate SĐT: PASSED
✓ Test mock getDsNhanVien: PASSED
✓ Test validate ngày sinh: PASSED
[INFO] Tests run: 5, Failures: 0, Errors: 0, Skipped: 0, Time elapsed: 0.039 s -- in controller.NhanVien_Controller_Test
[INFO] Running controller.Phong_Controller_Test
✓ Test validate số phòng rỗng: PASSED
✓ Test validate tầng: PASSED
✓ Test mock getTatCaPhong: PASSED
✓ Test mock countPhongTrong: PASSED
✓ Test trạng thái phòng: PASSED
[INFO] Tests run: 5, Failures: 0, Errors: 0, Skipped: 0, Time elapsed: 0.033 s -- in controller.Phong_Controller_Test
[INFO] Running dao.DichVu_DAO_Test
✓ Test getDsDichVu: PASSED
  - Số lượng dịch vụ: 12
✓ Test getTongSoDichVu: PASSED
  - Tổng số dịch vụ: 12
✓ Test themDichVu: PASSED
  - Đã thêm dịch vụ: TDVT11511
✓ Test capNhatDichVuTheoMa: PASSED
  - Đã cập nhật dịch vụ: TDVT11511
✓ Test timDichVuTheoMa: PASSED
  - Tìm thấy dịch vụ: Updated Service
✓ Test validate dữ liệu: PASSED
[INFO] Tests run: 6, Failures: 0, Errors: 0, Skipped: 0, Time elapsed: 0.690 s -- in dao.DichVu_DAO_Test
[INFO] Running dao.KhachHang_DAO_Test
✓ Test lấy danh sách: PASSED - Tìm thấy 31 khách hàng
✓ Test thêm khách hàng: PASSED - Mã KH: KH-00032
✓ Test tìm theo CCCD: PASSED - Nguyen Van Test
✓ Test cập nhật: PASSED
✓ Test xóa: PASSED
✓ Test validate: PASSED
[INFO] Tests run: 6, Failures: 0, Errors: 0, Skipped: 0, Time elapsed: 0.320 s -- in dao.KhachHang_DAO_Test
[INFO] Running dao.Phong_DAO_Test
✓ Test countAll: PASSED
  - Tổng số phòng: 40
✓ Test countPhongTrong: PASSED
  - Số phòng trống: 25
✓ Test getTatCaPhong: PASSED
  - Số lượng phòng: 40
  - Phòng đầu tiên: 501
✓ Test validate dữ liệu phòng: PASSED
✓ Test validate loại phòng: PASSED
✓ Test logic số phòng: PASSED
  - Phòng trống/Tổng: 25/40
[INFO] Tests run: 6, Failures: 0, Errors: 0, Skipped: 0, Time elapsed: 0.202 s -- in dao.Phong_DAO_Test
[INFO] Running model.DichVu_Test
✓ Test khởi tạo DichVu: PASSED
✓ Test constructor 2 params: PASSED
✓ Test constructor không mã: PASSED
✓ Test getter/setter: PASSED
✓ Test validate giá: PASSED
✓ Test toString: PASSED
[INFO] Tests run: 6, Failures: 0, Errors: 0, Skipped: 0, Time elapsed: 0.004 s -- in model.DichVu_Test
[INFO] Running model.HoaDon_Test
✓ Test khởi tạo HoaDon: PASSED
✓ Test constructor mã duy nhất: PASSED
✓ Test setter HoaDon: PASSED
✓ Test chi tiết hóa đơn: PASSED
✓ Test trạng thái: PASSED
✓ Test validate tổng tiền: PASSED
[INFO] Tests run: 6, Failures: 0, Errors: 0, Skipped: 0, Time elapsed: 0.008 s -- in model.HoaDon_Test
[INFO] Running model.KhachHang_Test
✓ Test khởi tạo: PASSED
✓ Test validate SĐT: PASSED
✓ Test getter/setter: PASSED
✓ Test validate email: PASSED
✓ Test equals/hashCode: PASSED
[INFO] Tests run: 5, Failures: 0, Errors: 0, Skipped: 0, Time elapsed: 0.011 s -- in model.KhachHang_Test
[INFO] Running model.LoaiPhong_Test
✓ Test khởi tạo LoaiPhong: PASSED
✓ Test constructor 3 params: PASSED
✓ Test constructor mã duy nhất: PASSED
✓ Test setter LoaiPhong: PASSED
✓ Test validate giá: PASSED
✓ Test danh sách dịch vụ: PASSED
✓ Test sức chứa: PASSED
[INFO] Tests run: 7, Failures: 0, Errors: 0, Skipped: 0, Time elapsed: 0.003 s -- in model.LoaiPhong_Test
[INFO] Running model.NhanVien_Test
✓ Test khởi tạo NhanVien: PASSED
✓ Test setter NhanVien: PASSED
✓ Test validate CCCD: PASSED
✓ Test validate email: PASSED
✓ Test validate SĐT: PASSED
✓ Test ngày sinh: PASSED
[INFO] Tests run: 6, Failures: 0, Errors: 0, Skipped: 0, Time elapsed: 0.005 s -- in model.NhanVien_Test
[INFO] Running model.PhieuDatPhong_Test
✓ Test khởi tạo PhieuDatPhong: PASSED
✓ Test constructor 2 params: PASSED
✓ Test constructor mã: PASSED
✓ Test setter: PASSED
✓ Test danh sách chi tiết: PASSED
✓ Test validate tiền cọc: PASSED
✓ Test trạng thái: PASSED
[INFO] Tests run: 7, Failures: 0, Errors: 0, Skipped: 0, Time elapsed: 0.006 s -- in model.PhieuDatPhong_Test
[INFO] Running model.Phong_Test
✓ Test khởi tạo Phong: PASSED
✓ Test constructor đầy đủ: PASSED
✓ Test setter: PASSED
✓ Test trạng thái phòng: PASSED
✓ Test validate tầng: PASSED
[INFO] Tests run: 5, Failures: 0, Errors: 0, Skipped: 0, Time elapsed: 0.004 s -- in model.Phong_Test
[INFO] Running model.TaiKhoan_Test
✓ Test khởi tạo TaiKhoan: PASSED
✓ Test constructor 2 params: PASSED
✓ Test setter: PASSED
✓ Test vai trò admin: PASSED
✓ Test vai trò employee: PASSED
✓ Test vai trò null: PASSED
✓ Test validate mật khẩu: PASSED
✓ Test validate tên đăng nhập: PASSED
[INFO] Tests run: 8, Failures: 0, Errors: 0, Skipped: 0, Time elapsed: 0.004 s -- in model.TaiKhoan_Test
[INFO] 
[INFO] Results:
[INFO] 
[INFO] Tests run: 85, Failures: 0, Errors: 0, Skipped: 0
[INFO] 
[INFO] ------------------------------------------------------------------------
[INFO] BUILD SUCCESS
[INFO] ------------------------------------------------------------------------
[INFO] Total time:  4.391 s (Wall Clock)
[INFO] Finished at: 2025-12-17T01:03:32+07:00
[INFO] ------------------------------------------------------------------------
